// Jest Snapshot v1, https://goo.gl/fbAQLP

exports[`Button should render and match snapshot 1`] = `
<body>
  <div>
    <button
      class=""
    />
  </div>
</body>
`;
