// Jest Snapshot v1, https://goo.gl/fbAQLP

exports[`Container should render and match snapshot 1`] = `
<body>
  <div>
    <div />
  </div>
</body>
`;
